Return	true
Return	false
Return	false
Return	false
Return	false
Return	false
Return	false
Return	true
Return	false
Return	true
Return	true
Return	true
Return	false
Return	false
